
> django-lms-frontend@0.0.0 dev
> vite --port=3000 --host=0.0.0.0

[2m10:19:04[22m [36m[1m[vite][22m[39m [90m[2m(client)[22m[39m Re-optimizing dependencies because vite config has changed

  [32m[1mVITE[22m v6.4.1[39m  [2mready in [0m[1m516[22m[2m[0m ms[22m

  [32m➜[39m  [1mLocal[22m:   [36mhttp://localhost:[1m3000[22m/[39m
  [32m➜[39m  [1mNetwork[22m: [36mhttp://192.168.15.7:[1m3000[22m/[39m
[2m10:46:48[22m [36m[1m[vite][22m[39m [90m[2m(client)[22m[39m [32mhmr update [39m[2m/src/index.css, /@fs/D:\djangolms\django_lms\design\src\pages\DashboardPage.tsx, /@fs/D:\djangolms\django_lms\design\src\pages\NotificationsPage.tsx, /@fs/D:\djangolms\django_lms\design\src\pages\CoursesPage.tsx, /@fs/D:\djangolms\django_lms\design\src\pages\TestsPage.tsx, /@fs/D:\djangolms\django_lms\design\src\pages\AdminDashboardPage.tsx, /@fs/D:\djangolms\django_lms\design\src\pages\EditTestPage.tsx, /@fs/D:\djangolms\django_lms\design\src\pages\TestQuestionsPage.tsx, /@fs/D:\djangolms\django_lms\design\src\pages\CourseDetailPage.tsx, /@fs/D:\djangolms\django_lms\design\src\pages\CourseManagePage.tsx[22m
[2m10:46:55[22m [36m[1m[vite][22m[39m [90m[2m(client)[22m[39m [32mhmr update [39m[2m/@fs/D:\djangolms\django_lms\design\src\pages\CourseManagePage.tsx, /src/index.css[22m
[2m11:00:18[22m [36m[1m[vite][22m[39m [90m[2m(client)[22m[39m [32mpage reload [39m[2msrc/types.ts[22m
[2m11:00:33[22m [36m[1m[vite][22m[39m [90m[2m(client)[22m[39m [32mhmr update [39m[2m/src/index.css, /@fs/D:\djangolms\django_lms\design\src\pages\DashboardPage.tsx, /@fs/D:\djangolms\django_lms\design\src\pages\NotificationsPage.tsx, /@fs/D:\djangolms\django_lms\design\src\pages\CoursesPage.tsx, /@fs/D:\djangolms\django_lms\design\src\pages\TestsPage.tsx, /@fs/D:\djangolms\django_lms\design\src\pages\AdminDashboardPage.tsx, /@fs/D:\djangolms\django_lms\design\src\pages\EditTestPage.tsx, /@fs/D:\djangolms\django_lms\design\src\pages\TestQuestionsPage.tsx, /@fs/D:\djangolms\django_lms\design\src\pages\CourseDetailPage.tsx, /@fs/D:\djangolms\django_lms\design\src\pages\CourseManagePage.tsx, /@fs/D:\djangolms\django_lms\design\src\pages\TeacherGradebookPage.tsx[22m
[2m11:03:47[22m [36m[1m[vite][22m[39m [90m[2m(client)[22m[39m [32mpage reload [39m[2mpackage.json[22m
[2m11:04:01[22m [36m[1m[vite][22m[39m [90m[2m(client)[22m[39m [32mhmr update [39m[2m/src/index.css, /@fs/D:\djangolms\django_lms\design\src\pages\DashboardPage.tsx, /@fs/D:\djangolms\django_lms\design\src\pages\NotificationsPage.tsx, /@fs/D:\djangolms\django_lms\design\src\pages\CoursesPage.tsx, /@fs/D:\djangolms\django_lms\design\src\pages\TestsPage.tsx, /@fs/D:\djangolms\django_lms\design\src\pages\AdminDashboardPage.tsx, /@fs/D:\djangolms\django_lms\design\src\pages\EditTestPage.tsx, /@fs/D:\djangolms\django_lms\design\src\pages\TestQuestionsPage.tsx, /@fs/D:\djangolms\django_lms\design\src\pages\CourseDetailPage.tsx, /@fs/D:\djangolms\django_lms\design\src\pages\CourseManagePage.tsx, /@fs/D:\djangolms\django_lms\design\src\pages\TeacherGradebookPage.tsx[22m
[2m11:04:39[22m [36m[1m[vite][22m[39m [90m[2m(client)[22m[39m [32mhmr update [39m[2m/@fs/D:\djangolms\django_lms\design\src\components\lms\EmbeddedResourceViewer.tsx, /src/index.css[22m
[2m11:08:16[22m [36m[1m[vite][22m[39m [90m[2m(client)[22m[39m [32mhmr update [39m[2m/@fs/D:\djangolms\django_lms\design\src\components\lms\EmbeddedResourceViewer.tsx, /src/index.css[22m
[2m11:08:41[22m [36m[1m[vite][22m[39m [90m[2m(client)[22m[39m [32m✨ new dependencies optimized: [33mdompurify[32m[39m
[2m11:08:41[22m [36m[1m[vite][22m[39m [90m[2m(client)[22m[39m [32m✨ optimized dependencies changed. reloading[39m
[2m11:08:53[22m [36m[1m[vite][22m[39m [90m[2m(client)[22m[39m [32mhmr update [39m[2m/@fs/D:\djangolms\django_lms\design\src\components\lms\EmbeddedResourceViewer.tsx, /src/index.css[22m
[2m11:09:27[22m [36m[1m[vite][22m[39m [90m[2m(client)[22m[39m [32mhmr update [39m[2m/@fs/D:\djangolms\django_lms\design\src\components\lms\EmbeddedResourceViewer.tsx, /src/index.css[22m
[2m11:10:10[22m [36m[1m[vite][22m[39m [90m[2m(client)[22m[39m [32mhmr update [39m[2m/@fs/D:\djangolms\django_lms\design\src\components\lms\EmbeddedResourceViewer.tsx, /src/index.css[22m
[2m11:10:28[22m [36m[1m[vite][22m[39m [90m[2m(client)[22m[39m [32mhmr update [39m[2m/@fs/D:\djangolms\django_lms\design\src\pages\CourseDetailPage.tsx, /src/index.css[22m
[2m11:10:36[22m [36m[1m[vite][22m[39m [90m[2m(client)[22m[39m [32mhmr update [39m[2m/@fs/D:\djangolms\django_lms\design\src\pages\CourseDetailPage.tsx, /src/index.css[22m
[2m11:11:06[22m [36m[1m[vite][22m[39m [90m[2m(client)[22m[39m [32mhmr update [39m[2m/@fs/D:\djangolms\django_lms\design\src\components\lms\SectionAccordion.tsx, /src/index.css[22m
[2m11:11:41[22m [36m[1m[vite][22m[39m [90m[2m(client)[22m[39m [32mhmr update [39m[2m/@fs/D:\djangolms\django_lms\design\src\pages\CourseManagePage.tsx, /src/index.css[22m
[2m11:11:47[22m [36m[1m[vite][22m[39m [90m[2m(client)[22m[39m [32mhmr update [39m[2m/@fs/D:\djangolms\django_lms\design\src\pages\CourseManagePage.tsx, /src/index.css[22m
[2m11:11:56[22m [36m[1m[vite][22m[39m [90m[2m(client)[22m[39m [32mhmr update [39m[2m/@fs/D:\djangolms\django_lms\design\src\pages\CourseManagePage.tsx, /src/index.css[22m
[2m11:12:00[22m [36m[1m[vite][22m[39m [90m[2m(client)[22m[39m [32mhmr update [39m[2m/@fs/D:\djangolms\django_lms\design\src\pages\CourseManagePage.tsx, /src/index.css[22m
[2m11:12:13[22m [36m[1m[vite][22m[39m [90m[2m(client)[22m[39m [32mhmr update [39m[2m/@fs/D:\djangolms\django_lms\design\src\pages\CourseManagePage.tsx, /src/index.css[22m
[2m11:12:48[22m [36m[1m[vite][22m[39m [90m[2m(client)[22m[39m [32mhmr update [39m[2m/@fs/D:\djangolms\django_lms\design\src\pages\CourseManagePage.tsx, /src/index.css[22m
[2m11:13:09[22m [36m[1m[vite][22m[39m [90m[2m(client)[22m[39m [32mhmr update [39m[2m/@fs/D:\djangolms\django_lms\design\src\pages\CourseManagePage.tsx, /src/index.css[22m
[2m11:13:21[22m [36m[1m[vite][22m[39m [90m[2m(client)[22m[39m [32mhmr update [39m[2m/@fs/D:\djangolms\django_lms\design\src\pages\CourseManagePage.tsx, /src/index.css[22m
[2m11:13:36[22m [36m[1m[vite][22m[39m [90m[2m(client)[22m[39m [32mhmr update [39m[2m/@fs/D:\djangolms\django_lms\design\src\pages\CourseManagePage.tsx, /src/index.css[22m
[2m11:13:47[22m [36m[1m[vite][22m[39m [90m[2m(client)[22m[39m [32mhmr update [39m[2m/@fs/D:\djangolms\django_lms\design\src\pages\CourseManagePage.tsx, /src/index.css[22m
[2m11:15:21[22m [36m[1m[vite][22m[39m [90m[2m(client)[22m[39m [32mhmr update [39m[2m/@fs/D:\djangolms\django_lms\design\src\pages\CourseManagePage.tsx, /src/index.css[22m
[2m11:15:29[22m [36m[1m[vite][22m[39m [90m[2m(client)[22m[39m [32mhmr update [39m[2m/@fs/D:\djangolms\django_lms\design\src\pages\CourseManagePage.tsx, /src/index.css[22m
[2m11:15:40[22m [36m[1m[vite][22m[39m [90m[2m(client)[22m[39m [32mhmr update [39m[2m/@fs/D:\djangolms\django_lms\design\src\pages\CourseManagePage.tsx, /src/index.css[22m
[2m11:15:44[22m [36m[1m[vite][22m[39m [90m[2m(client)[22m[39m [32mhmr update [39m[2m/@fs/D:\djangolms\django_lms\design\src\pages\CourseManagePage.tsx, /src/index.css[22m
[2m11:15:49[22m [36m[1m[vite][22m[39m [90m[2m(client)[22m[39m [32mhmr update [39m[2m/@fs/D:\djangolms\django_lms\design\src\pages\CourseManagePage.tsx, /src/index.css[22m
[2m11:15:54[22m [36m[1m[vite][22m[39m [90m[2m(client)[22m[39m [32mhmr update [39m[2m/@fs/D:\djangolms\django_lms\design\src\pages\CourseManagePage.tsx, /src/index.css[22m
[2m11:16:09[22m [36m[1m[vite][22m[39m [90m[2m(client)[22m[39m [32mhmr update [39m[2m/@fs/D:\djangolms\django_lms\design\src\pages\CourseManagePage.tsx, /src/index.css[22m
[2m11:16:31[22m [36m[1m[vite][22m[39m [90m[2m(client)[22m[39m [32mhmr update [39m[2m/@fs/D:\djangolms\django_lms\design\src\components\lms\EmbeddedResourceViewer.tsx, /src/index.css[22m
[2m11:16:39[22m [36m[1m[vite][22m[39m [90m[2m(client)[22m[39m [32mhmr update [39m[2m/@fs/D:\djangolms\django_lms\design\src\pages\CourseManagePage.tsx, /src/index.css[22m
[2m11:16:49[22m [36m[1m[vite][22m[39m [90m[2m(client)[22m[39m [32mhmr update [39m[2m/@fs/D:\djangolms\django_lms\design\src\pages\CourseManagePage.tsx, /src/index.css[22m
[2m11:16:58[22m [36m[1m[vite][22m[39m [90m[2m(client)[22m[39m [32mhmr update [39m[2m/@fs/D:\djangolms\django_lms\design\src\pages\CourseManagePage.tsx, /src/index.css[22m
[2m11:17:46[22m [36m[1m[vite][22m[39m [90m[2m(client)[22m[39m [32mhmr update [39m[2m/@fs/D:\djangolms\django_lms\design\src\components\lms\EmbeddedResourceViewer.tsx, /src/index.css[22m
[2m11:35:30[22m [36m[1m[vite][22m[39m [90m[2m(client)[22m[39m [32mpage reload [39m[2msrc/types.ts[22m
[2m11:35:39[22m [36m[1m[vite][22m[39m [90m[2m(client)[22m[39m [32mhmr update [39m[2m/src/index.css, /@fs/D:\djangolms\django_lms\design\src\components\layout\quick-chat-fab.tsx, /@fs/D:\djangolms\django_lms\design\src\components\layout\app-sidebar.tsx, /@fs/D:\djangolms\django_lms\design\src\pages\MessageThreadPage.tsx, /@fs/D:\djangolms\django_lms\design\src\pages\MessagesPage.tsx[22m
[2m11:35:47[22m [36m[1m[vite][22m[39m [90m[2m(client)[22m[39m [32mhmr update [39m[2m/src/index.css, /@fs/D:\djangolms\django_lms\design\src\components\layout\quick-chat-fab.tsx, /@fs/D:\djangolms\django_lms\design\src\components\layout\app-sidebar.tsx, /@fs/D:\djangolms\django_lms\design\src\pages\MessageThreadPage.tsx, /@fs/D:\djangolms\django_lms\design\src\pages\MessagesPage.tsx[22m
[2m11:38:49[22m [36m[1m[vite][22m[39m [90m[2m(client)[22m[39m [32mhmr update [39m[2m/@fs/D:\djangolms\django_lms\design\src\pages\MessagesPage.tsx, /src/index.css[22m
[2m11:38:57[22m [36m[1m[vite][22m[39m [90m[2m(client)[22m[39m [32mhmr update [39m[2m/src/app/router.tsx, /src/index.css[22m
[2m11:39:39[22m [36m[1m[vite][22m[39m [90m[2m(client)[22m[39m [32mhmr update [39m[2m/src/index.css, /@fs/D:\djangolms\django_lms\design\src\pages\DashboardPage.tsx, /@fs/D:\djangolms\django_lms\design\src\pages\NotificationsPage.tsx, /@fs/D:\djangolms\django_lms\design\src\pages\CoursesPage.tsx, /@fs/D:\djangolms\django_lms\design\src\pages\TestsPage.tsx, /@fs/D:\djangolms\django_lms\design\src\pages\AdminDashboardPage.tsx, /@fs/D:\djangolms\django_lms\design\src\pages\EditTestPage.tsx, /@fs/D:\djangolms\django_lms\design\src\pages\TestQuestionsPage.tsx, /@fs/D:\djangolms\django_lms\design\src\pages\CourseDetailPage.tsx, /@fs/D:\djangolms\django_lms\design\src\pages\CourseManagePage.tsx, /@fs/D:\djangolms\django_lms\design\src\pages\TeacherGradebookPage.tsx, /@fs/D:\djangolms\django_lms\design\src\components\lms\EmbeddedResourceViewer.tsx[22m
[2m11:39:58[22m [36m[1m[vite][22m[39m [90m[2m(client)[22m[39m [32mpage reload [39m[2msrc/types.ts[22m
[2m11:39:58[22m [36m[1m[vite][22m[39m [90m[2m(client)[22m[39m [32mpage reload [39m[2msrc/types.ts[22m
[2m11:40:32[22m [36m[1m[vite][22m[39m [90m[2m(client)[22m[39m [32mpage reload [39m[2msrc/types.ts[22m
[2m11:40:32[22m [36m[1m[vite][22m[39m [90m[2m(client)[22m[39m [32mpage reload [39m[2msrc/types.ts[22m
[2m11:40:55[22m [36m[1m[vite][22m[39m [90m[2m(client)[22m[39m [32mhmr update [39m[2m/@fs/D:\djangolms\django_lms\design\src\components\lms\SectionAccordion.tsx, /src/index.css[22m
[2m11:41:21[22m [36m[1m[vite][22m[39m [90m[2m(client)[22m[39m [32mhmr update [39m[2m/@fs/D:\djangolms\django_lms\design\src\components\lms\SectionAccordion.tsx, /src/index.css[22m
[2m11:48:22[22m [36m[1m[vite][22m[39m [90m[2m(client)[22m[39m [32mhmr update [39m[2m/@fs/D:\djangolms\django_lms\design\src\components\lms\SectionAccordion.tsx, /src/index.css[22m
[2m12:21:37[22m [36m[1m[vite][22m[39m [90m[2m(client)[22m[39m [32mpage reload [39m[2msrc/types.ts[22m
[2m12:22:27[22m [36m[1m[vite][22m[39m [90m[2m(client)[22m[39m [32mhmr update [39m[2m/src/index.css, /@fs/D:\djangolms\django_lms\design\src\pages\DashboardPage.tsx, /@fs/D:\djangolms\django_lms\design\src\pages\NotificationsPage.tsx, /@fs/D:\djangolms\django_lms\design\src\pages\CoursesPage.tsx, /@fs/D:\djangolms\django_lms\design\src\pages\TestsPage.tsx, /@fs/D:\djangolms\django_lms\design\src\pages\AdminDashboardPage.tsx, /@fs/D:\djangolms\django_lms\design\src\pages\EditTestPage.tsx, /@fs/D:\djangolms\django_lms\design\src\pages\TestQuestionsPage.tsx, /@fs/D:\djangolms\django_lms\design\src\pages\CourseDetailPage.tsx, /@fs/D:\djangolms\django_lms\design\src\pages\CourseManagePage.tsx, /@fs/D:\djangolms\django_lms\design\src\pages\TeacherGradebookPage.tsx, /@fs/D:\djangolms\django_lms\design\src\components\lms\EmbeddedResourceViewer.tsx, /@fs/D:\djangolms\django_lms\design\src\components\lms\SectionAccordion.tsx, /@fs/D:\djangolms\django_lms\design\src\pages\StudentGradesPage.tsx, /@fs/D:\djangolms\django_lms\design\src\pages\TakeTestPage.tsx, /@fs/D:\djangolms\django_lms\design\src\pages\CourseForumPage.tsx[22m
[2m12:27:02[22m [36m[1m[vite][22m[39m [90m[2m(client)[22m[39m [32mhmr update [39m[2m/src/app/providers.tsx, /src/index.css[22m
[2m12:27:07[22m [36m[1m[vite][22m[39m [90m[2m(client)[22m[39m [32mhmr update [39m[2m/@fs/D:\djangolms\django_lms\design\src\components\layout\app-shell.tsx, /src/index.css[22m
[2m12:27:12[22m [36m[1m[vite][22m[39m [90m[2m(client)[22m[39m [32mhmr update [39m[2m/src/app/router.tsx, /src/index.css[22m
[2m12:27:22[22m [36m[1m[vite][22m[39m [90m[2m(client)[22m[39m [32mhmr update [39m[2m/src/index.css, /src/app/router.tsx, /@fs/D:\djangolms\django_lms\design\src\components\layout\app-sidebar.tsx, /@fs/D:\djangolms\django_lms\design\src\components\layout\quick-chat-fab.tsx[22m
[2m12:27:37[22m [36m[1m[vite][22m[39m [90m[2m(client)[22m[39m [32mhmr update [39m[2m/src/index.css, /src/app/router.tsx, /@fs/D:\djangolms\django_lms\design\src\components\layout\app-sidebar.tsx, /@fs/D:\djangolms\django_lms\design\src\components\layout\quick-chat-fab.tsx[22m
[2m13:30:22[22m [36m[1m[vite][22m[39m [90m[2m(client)[22m[39m [32mpage reload [39m[2msrc/components/notifications/DeadlineExtensionModal.tsx[22m
[2m13:35:17[22m [36m[1m[vite][22m[39m [90m[2m(client)[22m[39m [32mpage reload [39m[2msrc/types.ts[22m
[2m13:35:23[22m [36m[1m[vite][22m[39m [90m[2m(client)[22m[39m [32mhmr update [39m[2m/@fs/D:\djangolms\django_lms\design\src\components\lms\SectionAccordion.tsx, /src/index.css[22m
[2m13:35:57[22m [36m[1m[vite][22m[39m [90m[2m(client)[22m[39m [32mhmr update [39m[2m/@fs/D:\djangolms\django_lms\design\src\pages\CourseManagePage.tsx, /src/index.css[22m
[2m13:36:01[22m [36m[1m[vite][22m[39m [90m[2m(client)[22m[39m [32mhmr update [39m[2m/@fs/D:\djangolms\django_lms\design\src\pages\StudentGradesPage.tsx, /src/index.css[22m
[2m13:36:11[22m [36m[1m[vite][22m[39m [90m[2m(client)[22m[39m [32mhmr update [39m[2m/@fs/D:\djangolms\django_lms\design\src\pages\RetakeSyncPage.tsx, /src/index.css[22m
[2m13:36:16[22m [36m[1m[vite][22m[39m [90m[2m(client)[22m[39m [32mhmr update [39m[2m/@fs/D:\djangolms\django_lms\design\src\components\messages\MessageBubble.tsx, /src/index.css[22m
[2m13:36:25[22m [36m[1m[vite][22m[39m [90m[2m(client)[22m[39m [32mhmr update [39m[2m/@fs/D:\djangolms\django_lms\design\src\components\messages\MessageBubble.tsx, /src/index.css[22m
[2m13:36:28[22m [36m[1m[vite][22m[39m [90m[2m(client)[22m[39m [32mhmr update [39m[2m/@fs/D:\djangolms\django_lms\design\src\components\notifications\ToastProvider.tsx, /src/index.css[22m
[2m13:36:29[22m [36m[1m[vite][22m[39m [90m[2m(client)[22m[39m [33mhmr invalidate [39m[2m/@fs/D:\djangolms\django_lms\design\src\components\notifications\ToastProvider.tsx[22m Could not Fast Refresh ("useToast" export is incompatible). Learn more at https://github.com/vitejs/vite-plugin-react/tree/main/packages/plugin-react#consistent-components-exports
[2m13:36:29[22m [36m[1m[vite][22m[39m [90m[2m(client)[22m[39m [32mhmr update [39m[2m/src/index.css, /src/app/providers.tsx[22m
[2m13:36:32[22m [36m[1m[vite][22m[39m [90m[2m(client)[22m[39m [32mhmr update [39m[2m/@fs/D:\djangolms\django_lms\design\src\components\notifications\LoginAlertModal.tsx, /src/index.css[22m
[2m13:36:42[22m [36m[1m[vite][22m[39m [90m[2m(client)[22m[39m [32mhmr update [39m[2m/src/index.css, /src/app/router.tsx[22m
[2m13:36:46[22m [36m[1m[vite][22m[39m [90m[2m(client)[22m[39m [32mhmr update [39m[2m/@fs/D:\djangolms\django_lms\design\src\components\lms\EmbeddedResourceViewer.tsx, /src/index.css[22m
[2m13:36:52[22m [36m[1m[vite][22m[39m [90m[2m(client)[22m[39m [32mhmr update [39m[2m/@fs/D:\djangolms\django_lms\design\src\components\lms\SectionAccordion.tsx, /src/index.css[22m
[2m13:36:57[22m [36m[1m[vite][22m[39m [90m[2m(client)[22m[39m [32mhmr update [39m[2m/@fs/D:\djangolms\django_lms\design\src\pages\CourseDetailPage.tsx, /src/index.css[22m
[2m13:37:08[22m [36m[1m[vite][22m[39m [90m[2m(client)[22m[39m [32mhmr update [39m[2m/@fs/D:\djangolms\django_lms\design\src\components\lms\CourseCard.tsx, /src/index.css[22m
[2m13:37:12[22m [36m[1m[vite][22m[39m [90m[2m(client)[22m[39m [32mhmr update [39m[2m/@fs/D:\djangolms\django_lms\design\src\components\lms\GradeRow.tsx, /src/index.css[22m
[2m13:37:46[22m [36m[1m[vite][22m[39m [90m[2m(client)[22m[39m [32mhmr update [39m[2m/@fs/D:\djangolms\django_lms\design\src\pages\CourseManagePage.tsx, /src/index.css[22m
[2m13:42:38[22m [36m[1m[vite][22m[39m [90m[2m(client)[22m[39m [32mhmr update [39m[2m/src/app/router.tsx, /src/index.css[22m
[2m14:18:42[22m [36m[1m[vite][22m[39m [90m[2m(client)[22m[39m [32mhmr update [39m[2m/src/app/providers.tsx, /src/index.css[22m
[2m14:18:52[22m [36m[1m[vite][22m[39m [90m[2m(client)[22m[39m [32mhmr update [39m[2m/src/index.css[22m
[2m14:19:03[22m [36m[1m[vite][22m[39m [90m[2m(client)[22m[39m [32mhmr update [39m[2m/@fs/D:\djangolms\django_lms\design\src\components\layout\app-shell.tsx, /src/index.css[22m
[2m14:21:11[22m [36m[1m[vite][22m[39m [90m[2m(client)[22m[39m [32mhmr update [39m[2m/@fs/D:\djangolms\django_lms\design\src\components\notifications\ToastProvider.tsx, /src/index.css[22m
[2m14:23:06[22m [36m[1m[vite][22m[39m [90m[2m(client)[22m[39m [32mhmr update [39m[2m/@fs/D:\djangolms\django_lms\design\src\components\ui\toast.tsx, /src/index.css[22m
[2m14:23:06[22m [36m[1m[vite][22m[39m [90m[2m(client)[22m[39m [33mhmr invalidate [39m[2m/@fs/D:\djangolms\django_lms\design\src\components\ui\toast.tsx[22m Could not Fast Refresh ("useToast" export is incompatible). Learn more at https://github.com/vitejs/vite-plugin-react/tree/main/packages/plugin-react#consistent-components-exports
[2m14:23:06[22m [36m[1m[vite][22m[39m [90m[2m(client)[22m[39m [32mhmr update [39m[2m/src/index.css, /src/app/providers.tsx, /@fs/D:\djangolms\django_lms\design\src\pages\AdminExtensionRequestsPage.tsx, /@fs/D:\djangolms\django_lms\design\src\components\notifications\DeadlineExtensionModal.tsx[22m
[2m14:24:29[22m [36m[1m[vite][22m[39m [90m[2m(client)[22m[39m [32mhmr update [39m[2m/@fs/D:\djangolms\django_lms\design\src\components\layout\app-shell.tsx, /src/index.css[22m
[2m14:24:37[22m [36m[1m[vite][22m[39m [90m[2m(client)[22m[39m [32mhmr update [39m[2m/@fs/D:\djangolms\django_lms\design\src\pages\CoursesPage.tsx, /src/index.css[22m
[2m14:26:54[22m [36m[1m[vite][22m[39m [90m[2m(client)[22m[39m [32mhmr update [39m[2m/@fs/D:\djangolms\django_lms\design\src\pages\DashboardPage.tsx, /src/index.css[22m
[2m14:28:29[22m [36m[1m[vite][22m[39m [90m[2m(client)[22m[39m [32mhmr update [39m[2m/@fs/D:\djangolms\django_lms\design\src\pages\TakeTestPage.tsx, /src/index.css[22m
[2m14:30:00[22m [36m[1m[vite][22m[39m [90m[2m(client)[22m[39m [32mhmr update [39m[2m/@fs/D:\djangolms\django_lms\design\src\pages\DashboardPage.tsx, /src/index.css[22m
[2m14:30:06[22m [36m[1m[vite][22m[39m [90m[2m(client)[22m[39m [32mhmr update [39m[2m/@fs/D:\djangolms\django_lms\design\src\pages\DashboardPage.tsx, /src/index.css[22m
[2m14:30:51[22m [36m[1m[vite][22m[39m [90m[2m(client)[22m[39m [32mhmr update [39m[2m/@fs/D:\djangolms\django_lms\design\src\components\layout\app-shell.tsx, /src/index.css[22m
[2m14:31:55[22m [36m[1m[vite][22m[39m [90m[2m(client)[22m[39m [32mhmr update [39m[2m/@fs/D:\djangolms\django_lms\design\src\pages\CoursesPage.tsx, /src/index.css[22m
[2m14:31:58[22m [36m[1m[vite][22m[39m [90m[2m(client)[22m[39m [32mhmr update [39m[2m/@fs/D:\djangolms\django_lms\design\src\pages\CoursesPage.tsx, /src/index.css[22m
[2m14:38:44[22m [36m[1m[vite][22m[39m [90m[2m(client)[22m[39m [32mhmr update [39m[2m/@fs/D:\djangolms\django_lms\design\src\pages\AdminExtensionRequestsPage.tsx, /src/index.css[22m
