Performing system checks...

System check identified no issues (0 silenced).
April 09, 2026 - 18:25:15
Django version 5.1.1, using settings 'core.settings'
Starting development server at http://127.0.0.1:8000/
Quit the server with CTRL-BREAK.

Performing system checks...

System check identified no issues (0 silenced).
April 09, 2026 - 18:32:14
Django version 5.1.1, using settings 'core.settings'
Starting development server at http://127.0.0.1:8000/
Quit the server with CTRL-BREAK.

Performing system checks...

System check identified no issues (0 silenced).
April 09, 2026 - 18:49:17
Django version 5.1.1, using settings 'core.settings'
Starting development server at http://127.0.0.1:8000/
Quit the server with CTRL-BREAK.

Performing system checks...

System check identified no issues (0 silenced).

You have 1 unapplied migration(s). Your project may not work properly until you apply the migrations for app(s): users.
Run 'python manage.py migrate' to apply them.
April 09, 2026 - 18:49:28
Django version 5.1.1, using settings 'core.settings'
Starting development server at http://127.0.0.1:8000/
Quit the server with CTRL-BREAK.

